Detecting compiler hash for triplet x64-mingw-dynamic...
Compiler found: C:/Qt/Tools/mingw1310_64/bin/x86_64-w64-mingw32-g++.exe
All requested packages are currently installed.
Total install time: 1.45 ms
The package boost-math is compatible with built-in CMake targets of FindBoost.cmake:

    find_package(Boost REQUIRED COMPONENTS math)
    target_link_libraries(main PRIVATE Boost::math)

or the generated cmake configs via:

    find_package( REQUIRED CONFIG)
    target_link_libraries(main PRIVATE Boost::math)

The package boost-multi-array is compatible with built-in CMake targets of FindBoost.cmake:

    find_package(Boost REQUIRED COMPONENTS multi_array)
    target_link_libraries(main PRIVATE Boost::multi_array)

or the generated cmake configs via:

    find_package( REQUIRED CONFIG)
    target_link_libraries(main PRIVATE Boost::multi_array)

curl is compatible with built-in CMake targets:

    find_package(CURL REQUIRED)
    target_link_libraries(main PRIVATE CURL::libcurl)

The package nlohmann-json provides CMake targets:

    find_package(nlohmann_json CONFIG REQUIRED)
    target_link_libraries(main PRIVATE nlohmann_json::nlohmann_json)

The package nlohmann-json can be configured to not provide implicit conversions via a custom triplet file:

    set(nlohmann-json_IMPLICIT_CONVERSIONS OFF)

For more information, see the docs here:
    
    https://json.nlohmann.me/api/macros/json_use_implicit_conversions/

